../Core/Src/main.c:72:9:LIS3MDL_DummyInit	4	static
../Core/Src/main.c:76:9:LIS3MDL_DummyDeInit	4	static
../Core/Src/main.c:80:6:LIS3MDL_CS_Select	8	static
../Core/Src/main.c:84:6:LIS3MDL_CS_Deselect	8	static
../Core/Src/main.c:88:9:Write_LIS3MDL	32	static
../Core/Src/main.c:98:9:Read_LIS3MDL	32	static
../Core/Src/main.c:108:6:Read_Magnetometer	24	static
../Core/Src/main.c:122:5:main	96	static
../Core/Src/main.c:283:6:SystemClock_Config	96	static
../Core/Src/main.c:334:13:MX_GPIO_Init	40	static
../Core/Src/main.c:377:6:Error_Handler	8	static,ignoring_inline_asm
